*** Using Compiler 'V5.06 update 7 (build 960)', folder: 'D:\K51\ARM\ARMCC\Bin'
Rebuild target 'Target_1'
Note: source file '.\Start\startup_stm32f10x_md.s' - object file renamed from '.\Objects\startup_stm32f10x_md.o' to '.\Objects\startup_stm32f10x_md_1.o'.Note: source file '.\Start\core_cm3.c' - object file renamed from '.\Objects\core_cm3.o' to '.\Objects\core_cm3_1.o'.Note: source file '.\Start\system_stm32f10x.c' - object file renamed from '.\Objects\system_stm32f10x.o' to '.\Objects\system_stm32f10x_1.o'.assembling startup_stm32f10x_md.s...
compiling main.c...
compiling stm32f10x_it.c...
compiling misc.c...
compiling system_stm32f10x.c...
compiling stm32f10x_crc.c...
compiling core_cm3.c...
compiling stm32f10x_dac.c...
compiling stm32f10x_bkp.c...
compiling stm32f10x_dbgmcu.c...
compiling stm32f10x_cec.c...
compiling stm32f10x_dma.c...
compiling stm32f10x_can.c...
compiling stm32f10x_adc.c...
compiling stm32f10x_exti.c...
compiling stm32f10x_flash.c...
compiling stm32f10x_fsmc.c...
compiling stm32f10x_gpio.c...
compiling stm32f10x_i2c.c...
compiling stm32f10x_iwdg.c...
compiling stm32f10x_pwr.c...
compiling stm32f10x_rtc.c...
compiling stm32f10x_rcc.c...
compiling stm32f10x_usart.c...
compiling stm32f10x_sdio.c...
compiling stm32f10x_spi.c...
compiling stm32f10x_wwdg.c...
compiling stm32f10x_tim.c...
compiling Delay.c...
linking...
Program Size: Code=972 RO-data=252 RW-data=0 ZI-data=1632  
".\Objects\jialin.axf" - 0 Error(s), 0 Warning(s).
Build Time Elapsed:  00:00:02
